// Jest Snapshot v1, https://goo.gl/fbAQLP

exports[`Board class #generateSpaces creates the expected 2d array structure for the game board 1`] = `
Array [
  Array [
    2,
    1,
    1,
    1,
    1,
  ],
  Array [
    1,
    0,
    3,
    1,
    1,
  ],
  Array [
    0,
    0,
    1,
    1,
    0,
  ],
  Array [
    3,
    0,
    1,
    1,
    1,
  ],
  Array [
    1,
    1,
    0,
    3,
    0,
  ],
]
`;

exports[`Board class #seededElements generates the expected array of elements at difficulty 1 1`] = `
Array [
  3,
  0,
  1,
  3,
  2,
  1,
  1,
  0,
  1,
  1,
  1,
  1,
  1,
  1,
  0,
  0,
  1,
  0,
  1,
  1,
  0,
  1,
  1,
  1,
  1,
]
`;

exports[`Board class #seededElements generates the expected array of elements at difficulty 2 1`] = `
Array [
  2,
  1,
  1,
  1,
  1,
  1,
  0,
  3,
  1,
  1,
  0,
  0,
  1,
  1,
  0,
  3,
  0,
  1,
  1,
  1,
  1,
  1,
  0,
  3,
  0,
]
`;

exports[`Board class #seededElements generates the expected array of elements at difficulty 3 1`] = `
Array [
  3,
  2,
  0,
  1,
  1,
  0,
  1,
  0,
  1,
  1,
  0,
  0,
  1,
  0,
  3,
  1,
  2,
  0,
  1,
  1,
  3,
  1,
  1,
  0,
  1,
]
`;

exports[`Board class #seededElements generates the expected array of elements at difficulty 4 1`] = `
Array [
  0,
  0,
  2,
  1,
  1,
  0,
  2,
  1,
  0,
  3,
  0,
  1,
  0,
  1,
  3,
  1,
  3,
  0,
  1,
  0,
  2,
  0,
  1,
  1,
  1,
]
`;

exports[`Board class #seededElements generates the expected array of elements at difficulty 5 1`] = `
Array [
  1,
  0,
  2,
  2,
  2,
  0,
  0,
  0,
  0,
  0,
  0,
  2,
  0,
  0,
  0,
  3,
  3,
  3,
  1,
  1,
  1,
  1,
  1,
  1,
  1,
]
`;

exports[`Board class #seededElements generates the expected array of elements at difficulty 6 1`] = `
Array [
  2,
  0,
  1,
  0,
  1,
  1,
  0,
  0,
  3,
  0,
  3,
  3,
  1,
  0,
  1,
  0,
  1,
  2,
  0,
  2,
  2,
  0,
  2,
  1,
  0,
]
`;

exports[`Board class #seededElements generates the expected array of elements at difficulty 7 1`] = `
Array [
  1,
  2,
  3,
  0,
  3,
  1,
  0,
  2,
  0,
  0,
  1,
  2,
  0,
  3,
  0,
  1,
  1,
  0,
  2,
  0,
  1,
  0,
  0,
  2,
  2,
]
`;

exports[`Board class #seededElements generates the expected array of elements at difficulty 8 1`] = `
Array [
  3,
  1,
  2,
  2,
  0,
  1,
  2,
  1,
  0,
  0,
  0,
  0,
  2,
  0,
  1,
  3,
  2,
  2,
  0,
  0,
  3,
  0,
  0,
  2,
  1,
]
`;
